Symlinking /fetch_ws/devel/share/string_service_demo/cmake/string_service_demoConfig.cmake
Symlinking /fetch_ws/devel/share/string_service_demo/cmake/string_service_demoConfig-version.cmake
Symlinking /fetch_ws/devel/share/string_service_demo/cmake/string_service_demo-msg-paths.cmake
Symlinking /fetch_ws/devel/share/string_service_demo/cmake/string_service_demo-msg-extras.cmake
Symlinking /fetch_ws/devel/share/gennodejs/ros/string_service_demo/_index.js
Symlinking /fetch_ws/devel/share/gennodejs/ros/string_service_demo/srv/StringService.js
Symlinking /fetch_ws/devel/share/gennodejs/ros/string_service_demo/srv/_index.js
Symlinking /fetch_ws/devel/share/roseus/ros/string_service_demo/manifest.l
Symlinking /fetch_ws/devel/share/roseus/ros/string_service_demo/srv/StringService.l
Symlinking /fetch_ws/devel/share/common-lisp/ros/string_service_demo/srv/string_service_demo-srv.asd
Symlinking /fetch_ws/devel/share/common-lisp/ros/string_service_demo/srv/_package.lisp
Symlinking /fetch_ws/devel/share/common-lisp/ros/string_service_demo/srv/StringService.lisp
Symlinking /fetch_ws/devel/share/common-lisp/ros/string_service_demo/srv/_package_StringService.lisp
Symlinking /fetch_ws/devel/include/string_service_demo/StringServiceRequest.h
Symlinking /fetch_ws/devel/include/string_service_demo/StringServiceResponse.h
Symlinking /fetch_ws/devel/include/string_service_demo/StringService.h
Symlinking /fetch_ws/devel/lib/pkgconfig/string_service_demo.pc
Symlinking /fetch_ws/devel/lib/python3/dist-packages/string_service_demo/__init__.py
Symlinking /fetch_ws/devel/lib/python3/dist-packages/string_service_demo/srv/_StringService.py
Symlinking /fetch_ws/devel/lib/python3/dist-packages/string_service_demo/srv/__init__.py
