[35m[1mScanning dependencies of target std_msgs_generate_messages_lisp[0m
[35m[1mScanning dependencies of target std_msgs_generate_messages_cpp[0m
[35m[1mScanning dependencies of target _string_service_demo_generate_messages_check_deps_StringService[0m
[35m[1mScanning dependencies of target std_msgs_generate_messages_eus[0m
[35m[1mScanning dependencies of target std_msgs_generate_messages_py[0m
[35m[1mScanning dependencies of target std_msgs_generate_messages_nodejs[0m
[  0%] Built target std_msgs_generate_messages_cpp
[  0%] Built target std_msgs_generate_messages_lisp
[  0%] Built target std_msgs_generate_messages_eus
[  0%] Built target std_msgs_generate_messages_nodejs
[  0%] Built target std_msgs_generate_messages_py
[  0%] Built target _string_service_demo_generate_messages_check_deps_StringService
[35m[1mScanning dependencies of target string_service_demo_generate_messages_nodejs[0m
[35m[1mScanning dependencies of target string_service_demo_generate_messages_eus[0m
[35m[1mScanning dependencies of target string_service_demo_generate_messages_lisp[0m
[35m[1mScanning dependencies of target string_service_demo_generate_messages_cpp[0m
[35m[1mScanning dependencies of target string_service_demo_generate_messages_py[0m
[ 42%] [34m[1mGenerating Lisp code from string_service_demo/StringService.srv[0m
[ 42%] [34m[1mGenerating EusLisp manifest code for string_service_demo[0m
[ 42%] [34m[1mGenerating Javascript code from string_service_demo/StringService.srv[0m
[ 57%] [34m[1mGenerating EusLisp code from string_service_demo/StringService.srv[0m
[ 71%] [34m[1mGenerating C++ code from string_service_demo/StringService.srv[0m
[ 85%] [34m[1mGenerating Python code from SRV string_service_demo/StringService[0m
[ 85%] Built target string_service_demo_generate_messages_lisp
[ 85%] Built target string_service_demo_generate_messages_nodejs
[ 85%] Built target string_service_demo_generate_messages_cpp
[100%] [34m[1mGenerating Python srv __init__.py for string_service_demo[0m
[100%] Built target string_service_demo_generate_messages_py
[100%] Built target string_service_demo_generate_messages_eus
[35m[1mScanning dependencies of target string_service_demo_generate_messages[0m
[100%] Built target string_service_demo_generate_messages
