Linked: (/fetch_ws/devel/.private/string_service_demo/share/string_service_demo/cmake/string_service_demoConfig.cmake, /fetch_ws/devel/share/string_service_demo/cmake/string_service_demoConfig.cmake)
Linked: (/fetch_ws/devel/.private/string_service_demo/share/string_service_demo/cmake/string_service_demoConfig-version.cmake, /fetch_ws/devel/share/string_service_demo/cmake/string_service_demoConfig-version.cmake)
Linked: (/fetch_ws/devel/.private/string_service_demo/share/string_service_demo/cmake/string_service_demo-msg-paths.cmake, /fetch_ws/devel/share/string_service_demo/cmake/string_service_demo-msg-paths.cmake)
Linked: (/fetch_ws/devel/.private/string_service_demo/share/string_service_demo/cmake/string_service_demo-msg-extras.cmake, /fetch_ws/devel/share/string_service_demo/cmake/string_service_demo-msg-extras.cmake)
Linked: (/fetch_ws/devel/.private/string_service_demo/share/gennodejs/ros/string_service_demo/_index.js, /fetch_ws/devel/share/gennodejs/ros/string_service_demo/_index.js)
Linked: (/fetch_ws/devel/.private/string_service_demo/share/gennodejs/ros/string_service_demo/srv/StringService.js, /fetch_ws/devel/share/gennodejs/ros/string_service_demo/srv/StringService.js)
Linked: (/fetch_ws/devel/.private/string_service_demo/share/gennodejs/ros/string_service_demo/srv/_index.js, /fetch_ws/devel/share/gennodejs/ros/string_service_demo/srv/_index.js)
Linked: (/fetch_ws/devel/.private/string_service_demo/share/roseus/ros/string_service_demo/manifest.l, /fetch_ws/devel/share/roseus/ros/string_service_demo/manifest.l)
Linked: (/fetch_ws/devel/.private/string_service_demo/share/roseus/ros/string_service_demo/srv/StringService.l, /fetch_ws/devel/share/roseus/ros/string_service_demo/srv/StringService.l)
Linked: (/fetch_ws/devel/.private/string_service_demo/share/common-lisp/ros/string_service_demo/srv/string_service_demo-srv.asd, /fetch_ws/devel/share/common-lisp/ros/string_service_demo/srv/string_service_demo-srv.asd)
Linked: (/fetch_ws/devel/.private/string_service_demo/share/common-lisp/ros/string_service_demo/srv/_package.lisp, /fetch_ws/devel/share/common-lisp/ros/string_service_demo/srv/_package.lisp)
Linked: (/fetch_ws/devel/.private/string_service_demo/share/common-lisp/ros/string_service_demo/srv/StringService.lisp, /fetch_ws/devel/share/common-lisp/ros/string_service_demo/srv/StringService.lisp)
Linked: (/fetch_ws/devel/.private/string_service_demo/share/common-lisp/ros/string_service_demo/srv/_package_StringService.lisp, /fetch_ws/devel/share/common-lisp/ros/string_service_demo/srv/_package_StringService.lisp)
Linked: (/fetch_ws/devel/.private/string_service_demo/include/string_service_demo/StringServiceRequest.h, /fetch_ws/devel/include/string_service_demo/StringServiceRequest.h)
Linked: (/fetch_ws/devel/.private/string_service_demo/include/string_service_demo/StringServiceResponse.h, /fetch_ws/devel/include/string_service_demo/StringServiceResponse.h)
Linked: (/fetch_ws/devel/.private/string_service_demo/include/string_service_demo/StringService.h, /fetch_ws/devel/include/string_service_demo/StringService.h)
Linked: (/fetch_ws/devel/.private/string_service_demo/lib/pkgconfig/string_service_demo.pc, /fetch_ws/devel/lib/pkgconfig/string_service_demo.pc)
Linked: (/fetch_ws/devel/.private/string_service_demo/lib/python3/dist-packages/string_service_demo/__init__.py, /fetch_ws/devel/lib/python3/dist-packages/string_service_demo/__init__.py)
Linked: (/fetch_ws/devel/.private/string_service_demo/lib/python3/dist-packages/string_service_demo/srv/_StringService.py, /fetch_ws/devel/lib/python3/dist-packages/string_service_demo/srv/_StringService.py)
Linked: (/fetch_ws/devel/.private/string_service_demo/lib/python3/dist-packages/string_service_demo/srv/__init__.py, /fetch_ws/devel/lib/python3/dist-packages/string_service_demo/srv/__init__.py)
