Performing C SOURCE FILE Test CMAKE_HAVE_LIBC_PTHREAD failed with the following output:
Change Dir: /fetch_ws/build/fetch_ikfast_plugin/CMakeFiles/CMakeTmp

Run Build Command(s):/usr/bin/make cmTC_a54c1/fast && /usr/bin/make -f CMakeFiles/cmTC_a54c1.dir/build.make CMakeFiles/cmTC_a54c1.dir/build
make[1]: Entering directory '/fetch_ws/build/fetch_ikfast_plugin/CMakeFiles/CMakeTmp'
Building C object CMakeFiles/cmTC_a54c1.dir/src.c.o
/usr/bin/cc   -DCMAKE_HAVE_LIBC_PTHREAD   -o CMakeFiles/cmTC_a54c1.dir/src.c.o   -c /fetch_ws/build/fetch_ikfast_plugin/CMakeFiles/CMakeTmp/src.c
Linking C executable cmTC_a54c1
/usr/bin/cmake -E cmake_link_script CMakeFiles/cmTC_a54c1.dir/link.txt --verbose=1
/usr/bin/cc  -DCMAKE_HAVE_LIBC_PTHREAD    -rdynamic CMakeFiles/cmTC_a54c1.dir/src.c.o  -o cmTC_a54c1 
/usr/bin/ld: CMakeFiles/cmTC_a54c1.dir/src.c.o: in function `main':
src.c:(.text+0x46): undefined reference to `pthread_create'
/usr/bin/ld: src.c:(.text+0x52): undefined reference to `pthread_detach'
/usr/bin/ld: src.c:(.text+0x63): undefined reference to `pthread_join'
collect2: error: ld returned 1 exit status
make[1]: *** [CMakeFiles/cmTC_a54c1.dir/build.make:87: cmTC_a54c1] Error 1
make[1]: Leaving directory '/fetch_ws/build/fetch_ikfast_plugin/CMakeFiles/CMakeTmp'
make: *** [Makefile:121: cmTC_a54c1/fast] Error 2


Source file was:
#include <pthread.h>

void* test_func(void* data)
{
  return data;
}

int main(void)
{
  pthread_t thread;
  pthread_create(&thread, NULL, test_func, NULL);
  pthread_detach(thread);
  pthread_join(thread, NULL);
  pthread_atfork(NULL, NULL, NULL);
  pthread_exit(NULL);

  return 0;
}

Determining if the function pthread_create exists in the pthreads failed with the following output:
Change Dir: /fetch_ws/build/fetch_ikfast_plugin/CMakeFiles/CMakeTmp

Run Build Command(s):/usr/bin/make cmTC_a8bde/fast && /usr/bin/make -f CMakeFiles/cmTC_a8bde.dir/build.make CMakeFiles/cmTC_a8bde.dir/build
make[1]: Entering directory '/fetch_ws/build/fetch_ikfast_plugin/CMakeFiles/CMakeTmp'
Building C object CMakeFiles/cmTC_a8bde.dir/CheckFunctionExists.c.o
/usr/bin/cc   -DCHECK_FUNCTION_EXISTS=pthread_create   -o CMakeFiles/cmTC_a8bde.dir/CheckFunctionExists.c.o   -c /usr/share/cmake-3.16/Modules/CheckFunctionExists.c
Linking C executable cmTC_a8bde
/usr/bin/cmake -E cmake_link_script CMakeFiles/cmTC_a8bde.dir/link.txt --verbose=1
/usr/bin/cc  -DCHECK_FUNCTION_EXISTS=pthread_create    -rdynamic CMakeFiles/cmTC_a8bde.dir/CheckFunctionExists.c.o  -o cmTC_a8bde  -lpthreads 
/usr/bin/ld: cannot find -lpthreads
collect2: error: ld returned 1 exit status
make[1]: *** [CMakeFiles/cmTC_a8bde.dir/build.make:87: cmTC_a8bde] Error 1
make[1]: Leaving directory '/fetch_ws/build/fetch_ikfast_plugin/CMakeFiles/CMakeTmp'
make: *** [Makefile:121: cmTC_a8bde/fast] Error 2



Determining if the function sgemm_ exists failed with the following output:
Change Dir: /fetch_ws/build/fetch_ikfast_plugin/CMakeFiles/CMakeTmp

Run Build Command(s):/usr/bin/make cmTC_72f16/fast && /usr/bin/make -f CMakeFiles/cmTC_72f16.dir/build.make CMakeFiles/cmTC_72f16.dir/build
make[1]: Entering directory '/fetch_ws/build/fetch_ikfast_plugin/CMakeFiles/CMakeTmp'
Building C object CMakeFiles/cmTC_72f16.dir/CheckFunctionExists.c.o
/usr/bin/cc   -DCHECK_FUNCTION_EXISTS=sgemm_   -o CMakeFiles/cmTC_72f16.dir/CheckFunctionExists.c.o   -c /usr/share/cmake-3.16/Modules/CheckFunctionExists.c
Linking C executable cmTC_72f16
/usr/bin/cmake -E cmake_link_script CMakeFiles/cmTC_72f16.dir/link.txt --verbose=1
/usr/bin/cc  -DCHECK_FUNCTION_EXISTS=sgemm_    -rdynamic CMakeFiles/cmTC_72f16.dir/CheckFunctionExists.c.o  -o cmTC_72f16 
/usr/bin/ld: CMakeFiles/cmTC_72f16.dir/CheckFunctionExists.c.o: in function `main':
CheckFunctionExists.c:(.text+0x14): undefined reference to `sgemm_'
collect2: error: ld returned 1 exit status
make[1]: *** [CMakeFiles/cmTC_72f16.dir/build.make:87: cmTC_72f16] Error 1
make[1]: Leaving directory '/fetch_ws/build/fetch_ikfast_plugin/CMakeFiles/CMakeTmp'
make: *** [Makefile:121: cmTC_72f16/fast] Error 2



Determining if the function cheev_ exists failed with the following output:
Change Dir: /fetch_ws/build/fetch_ikfast_plugin/CMakeFiles/CMakeTmp

Run Build Command(s):/usr/bin/make cmTC_bbd74/fast && /usr/bin/make -f CMakeFiles/cmTC_bbd74.dir/build.make CMakeFiles/cmTC_bbd74.dir/build
make[1]: Entering directory '/fetch_ws/build/fetch_ikfast_plugin/CMakeFiles/CMakeTmp'
Building C object CMakeFiles/cmTC_bbd74.dir/CheckFunctionExists.c.o
/usr/bin/cc   -DCHECK_FUNCTION_EXISTS=cheev_   -o CMakeFiles/cmTC_bbd74.dir/CheckFunctionExists.c.o   -c /usr/share/cmake-3.16/Modules/CheckFunctionExists.c
Linking C executable cmTC_bbd74
/usr/bin/cmake -E cmake_link_script CMakeFiles/cmTC_bbd74.dir/link.txt --verbose=1
/usr/bin/cc  -DCHECK_FUNCTION_EXISTS=cheev_    -rdynamic CMakeFiles/cmTC_bbd74.dir/CheckFunctionExists.c.o  -o cmTC_bbd74  /usr/lib/x86_64-linux-gnu/libblas.so 
/usr/bin/ld: CMakeFiles/cmTC_bbd74.dir/CheckFunctionExists.c.o: in function `main':
CheckFunctionExists.c:(.text+0x14): undefined reference to `cheev_'
collect2: error: ld returned 1 exit status
make[1]: *** [CMakeFiles/cmTC_bbd74.dir/build.make:88: cmTC_bbd74] Error 1
make[1]: Leaving directory '/fetch_ws/build/fetch_ikfast_plugin/CMakeFiles/CMakeTmp'
make: *** [Makefile:121: cmTC_bbd74/fast] Error 2



